stm32l4xx_hal_tim.c:269:19:HAL_TIM_Base_Init	16	static
stm32l4xx_hal_tim.c:328:19:HAL_TIM_Base_DeInit	16	static
stm32l4xx_hal_tim.c:371:13:HAL_TIM_Base_MspInit	16	static
stm32l4xx_hal_tim.c:386:13:HAL_TIM_Base_MspDeInit	16	static
stm32l4xx_hal_tim.c:402:19:HAL_TIM_Base_Start	24	static
stm32l4xx_hal_tim.c:441:19:HAL_TIM_Base_Stop	16	static
stm32l4xx_hal_tim.c:461:19:HAL_TIM_Base_Start_IT	24	static
stm32l4xx_hal_tim.c:503:19:HAL_TIM_Base_Stop_IT	16	static
stm32l4xx_hal_tim.c:528:19:HAL_TIM_Base_Start_DMA	32	static
stm32l4xx_hal_tim.c:596:19:HAL_TIM_Base_Stop_DMA	16	static
stm32l4xx_hal_tim.c:651:19:HAL_TIM_OC_Init	16	static
stm32l4xx_hal_tim.c:710:19:HAL_TIM_OC_DeInit	16	static
stm32l4xx_hal_tim.c:753:13:HAL_TIM_OC_MspInit	16	static
stm32l4xx_hal_tim.c:768:13:HAL_TIM_OC_MspDeInit	16	static
stm32l4xx_hal_tim.c:791:19:HAL_TIM_OC_Start	24	static
stm32l4xx_hal_tim.c:847:19:HAL_TIM_OC_Stop	16	static
stm32l4xx_hal_tim.c:882:19:HAL_TIM_OC_Start_IT	24	static
stm32l4xx_hal_tim.c:970:19:HAL_TIM_OC_Stop_IT	16	static
stm32l4xx_hal_tim.c:1041:19:HAL_TIM_OC_Start_DMA	32	static
stm32l4xx_hal_tim.c:1195:19:HAL_TIM_OC_Stop_DMA	16	static
stm32l4xx_hal_tim.c:1292:19:HAL_TIM_PWM_Init	16	static
stm32l4xx_hal_tim.c:1351:19:HAL_TIM_PWM_DeInit	16	static
stm32l4xx_hal_tim.c:1394:13:HAL_TIM_PWM_MspInit	16	static
stm32l4xx_hal_tim.c:1409:13:HAL_TIM_PWM_MspDeInit	16	static
stm32l4xx_hal_tim.c:1432:19:HAL_TIM_PWM_Start	24	static
stm32l4xx_hal_tim.c:1488:19:HAL_TIM_PWM_Stop	16	static
stm32l4xx_hal_tim.c:1523:19:HAL_TIM_PWM_Start_IT	24	static
stm32l4xx_hal_tim.c:1610:19:HAL_TIM_PWM_Stop_IT	16	static
stm32l4xx_hal_tim.c:1681:19:HAL_TIM_PWM_Start_DMA	32	static
stm32l4xx_hal_tim.c:1834:19:HAL_TIM_PWM_Stop_DMA	16	static
stm32l4xx_hal_tim.c:1931:19:HAL_TIM_IC_Init	16	static
stm32l4xx_hal_tim.c:1990:19:HAL_TIM_IC_DeInit	16	static
stm32l4xx_hal_tim.c:2033:13:HAL_TIM_IC_MspInit	16	static
stm32l4xx_hal_tim.c:2048:13:HAL_TIM_IC_MspDeInit	16	static
stm32l4xx_hal_tim.c:2069:19:HAL_TIM_IC_Start	24	static
stm32l4xx_hal_tim.c:2121:19:HAL_TIM_IC_Stop	16	static
stm32l4xx_hal_tim.c:2151:19:HAL_TIM_IC_Start_IT	24	static
stm32l4xx_hal_tim.c:2236:19:HAL_TIM_IC_Stop_IT	16	static
stm32l4xx_hal_tim.c:2302:19:HAL_TIM_IC_Start_DMA	32	static
stm32l4xx_hal_tim.c:2454:19:HAL_TIM_IC_Stop_DMA	16	static
stm32l4xx_hal_tim.c:2553:19:HAL_TIM_OnePulse_Init	16	static
stm32l4xx_hal_tim.c:2621:19:HAL_TIM_OnePulse_DeInit	16	static
stm32l4xx_hal_tim.c:2666:13:HAL_TIM_OnePulse_MspInit	16	static
stm32l4xx_hal_tim.c:2681:13:HAL_TIM_OnePulse_MspDeInit	16	static
stm32l4xx_hal_tim.c:2701:19:HAL_TIM_OnePulse_Start	24	static
stm32l4xx_hal_tim.c:2758:19:HAL_TIM_OnePulse_Stop	16	static
stm32l4xx_hal_tim.c:2801:19:HAL_TIM_OnePulse_Start_IT	24	static
stm32l4xx_hal_tim.c:2864:19:HAL_TIM_OnePulse_Stop_IT	16	static
stm32l4xx_hal_tim.c:2943:19:HAL_TIM_Encoder_Init	32	static
stm32l4xx_hal_tim.c:3057:19:HAL_TIM_Encoder_DeInit	16	static
stm32l4xx_hal_tim.c:3102:13:HAL_TIM_Encoder_MspInit	16	static
stm32l4xx_hal_tim.c:3117:13:HAL_TIM_Encoder_MspDeInit	16	static
stm32l4xx_hal_tim.c:3137:19:HAL_TIM_Encoder_Start	24	static
stm32l4xx_hal_tim.c:3231:19:HAL_TIM_Encoder_Stop	16	static
stm32l4xx_hal_tim.c:3291:19:HAL_TIM_Encoder_Start_IT	24	static
stm32l4xx_hal_tim.c:3391:19:HAL_TIM_Encoder_Stop_IT	16	static
stm32l4xx_hal_tim.c:3456:19:HAL_TIM_Encoder_Start_DMA	32	static
stm32l4xx_hal_tim.c:3664:19:HAL_TIM_Encoder_Stop_DMA	16	static
stm32l4xx_hal_tim.c:3741:6:HAL_TIM_IRQHandler	16	static
stm32l4xx_hal_tim.c:3971:19:HAL_TIM_OC_ConfigChannel	24	static
stm32l4xx_hal_tim.c:4067:19:HAL_TIM_IC_ConfigChannel	24	static
stm32l4xx_hal_tim.c:4162:19:HAL_TIM_PWM_ConfigChannel	24	static
stm32l4xx_hal_tim.c:4307:19:HAL_TIM_OnePulse_ConfigChannel	56	static
stm32l4xx_hal_tim.c:4452:19:HAL_TIM_DMABurst_WriteStart	32	static
stm32l4xx_hal_tim.c:4504:19:HAL_TIM_DMABurst_MultiWriteStart	24	static
stm32l4xx_hal_tim.c:4681:19:HAL_TIM_DMABurst_WriteStop	16	static
stm32l4xx_hal_tim.c:4782:19:HAL_TIM_DMABurst_ReadStart	32	static
stm32l4xx_hal_tim.c:4834:19:HAL_TIM_DMABurst_MultiReadStart	24	static
stm32l4xx_hal_tim.c:5012:19:HAL_TIM_DMABurst_ReadStop	16	static
stm32l4xx_hal_tim.c:5090:19:HAL_TIM_GenerateEvent	16	static
stm32l4xx_hal_tim.c:5129:19:HAL_TIM_ConfigOCrefClear	24	static
stm32l4xx_hal_tim.c:5290:19:HAL_TIM_ConfigClockSource	24	static
stm32l4xx_hal_tim.c:5442:19:HAL_TIM_ConfigTI1Input	24	static
stm32l4xx_hal_tim.c:5474:19:HAL_TIM_SlaveConfigSynchro	16	static
stm32l4xx_hal_tim.c:5514:19:HAL_TIM_SlaveConfigSynchro_IT	16	static
stm32l4xx_hal_tim.c:5557:10:HAL_TIM_ReadCapturedValue	24	static
stm32l4xx_hal_tim.c:5641:13:HAL_TIM_PeriodElapsedCallback	16	static
stm32l4xx_hal_tim.c:5656:13:HAL_TIM_PeriodElapsedHalfCpltCallback	16	static
stm32l4xx_hal_tim.c:5671:13:HAL_TIM_OC_DelayElapsedCallback	16	static
stm32l4xx_hal_tim.c:5686:13:HAL_TIM_IC_CaptureCallback	16	static
stm32l4xx_hal_tim.c:5701:13:HAL_TIM_IC_CaptureHalfCpltCallback	16	static
stm32l4xx_hal_tim.c:5716:13:HAL_TIM_PWM_PulseFinishedCallback	16	static
stm32l4xx_hal_tim.c:5731:13:HAL_TIM_PWM_PulseFinishedHalfCpltCallback	16	static
stm32l4xx_hal_tim.c:5746:13:HAL_TIM_TriggerCallback	16	static
stm32l4xx_hal_tim.c:5761:13:HAL_TIM_TriggerHalfCpltCallback	16	static
stm32l4xx_hal_tim.c:5776:13:HAL_TIM_ErrorCallback	16	static
stm32l4xx_hal_tim.c:6303:22:HAL_TIM_Base_GetState	16	static
stm32l4xx_hal_tim.c:6313:22:HAL_TIM_OC_GetState	16	static
stm32l4xx_hal_tim.c:6323:22:HAL_TIM_PWM_GetState	16	static
stm32l4xx_hal_tim.c:6333:22:HAL_TIM_IC_GetState	16	static
stm32l4xx_hal_tim.c:6343:22:HAL_TIM_OnePulse_GetState	16	static
stm32l4xx_hal_tim.c:6353:22:HAL_TIM_Encoder_GetState	16	static
stm32l4xx_hal_tim.c:6363:23:HAL_TIM_GetActiveChannel	16	static
stm32l4xx_hal_tim.c:6381:29:HAL_TIM_GetChannelState	24	static
stm32l4xx_hal_tim.c:6398:30:HAL_TIM_DMABurstState	16	static
stm32l4xx_hal_tim.c:6423:6:TIM_DMAError	24	static
stm32l4xx_hal_tim.c:6466:13:TIM_DMADelayPulseCplt	24	static
stm32l4xx_hal_tim.c:6525:6:TIM_DMADelayPulseHalfCplt	24	static
stm32l4xx_hal_tim.c:6564:6:TIM_DMACaptureCplt	24	static
stm32l4xx_hal_tim.c:6627:6:TIM_DMACaptureHalfCplt	24	static
stm32l4xx_hal_tim.c:6666:13:TIM_DMAPeriodElapsedCplt	24	static
stm32l4xx_hal_tim.c:6687:13:TIM_DMAPeriodElapsedHalfCplt	24	static
stm32l4xx_hal_tim.c:6703:13:TIM_DMATriggerCplt	24	static
stm32l4xx_hal_tim.c:6724:13:TIM_DMATriggerHalfCplt	24	static
stm32l4xx_hal_tim.c:6741:6:TIM_Base_SetConfig	24	static
stm32l4xx_hal_tim.c:6789:13:TIM_OC1_SetConfig	32	static
stm32l4xx_hal_tim.c:6864:6:TIM_OC2_SetConfig	32	static
stm32l4xx_hal_tim.c:6940:13:TIM_OC3_SetConfig	32	static
stm32l4xx_hal_tim.c:7014:13:TIM_OC4_SetConfig	32	static
stm32l4xx_hal_tim.c:7074:13:TIM_OC5_SetConfig	32	static
stm32l4xx_hal_tim.c:7127:13:TIM_OC6_SetConfig	32	static
stm32l4xx_hal_tim.c:7181:26:TIM_SlaveTimer_SetConfig	32	static
stm32l4xx_hal_tim.c:7312:6:TIM_TI1_SetConfig	32	static
stm32l4xx_hal_tim.c:7359:13:TIM_TI1_ConfigInputStage	32	static
stm32l4xx_hal_tim.c:7402:13:TIM_TI2_SetConfig	32	static
stm32l4xx_hal_tim.c:7442:13:TIM_TI2_ConfigInputStage	32	static
stm32l4xx_hal_tim.c:7485:13:TIM_TI3_SetConfig	32	static
stm32l4xx_hal_tim.c:7533:13:TIM_TI4_SetConfig	32	static
stm32l4xx_hal_tim.c:7576:13:TIM_ITRx_SetConfig	24	static
stm32l4xx_hal_tim.c:7606:6:TIM_ETR_SetConfig	32	static
stm32l4xx_hal_tim.c:7638:6:TIM_CCxChannelCmd	32	static
