stm32l4xx_hal_qspi.c:291:19:HAL_QSPI_Init	32	static
stm32l4xx_hal_qspi.c:400:19:HAL_QSPI_DeInit	16	static
stm32l4xx_hal_qspi.c:441:13:HAL_QSPI_MspInit	16	static
stm32l4xx_hal_qspi.c:456:13:HAL_QSPI_MspDeInit	16	static
stm32l4xx_hal_qspi.c:495:6:HAL_QSPI_IRQHandler	32	static
stm32l4xx_hal_qspi.c:792:19:HAL_QSPI_Command	40	static
stm32l4xx_hal_qspi.c:881:19:HAL_QSPI_Command_IT	32	static
stm32l4xx_hal_qspi.c:981:19:HAL_QSPI_Transmit	48	static
stm32l4xx_hal_qspi.c:1068:19:HAL_QSPI_Receive	48	static
stm32l4xx_hal_qspi.c:1157:19:HAL_QSPI_Transmit_IT	24	static
stm32l4xx_hal_qspi.c:1217:19:HAL_QSPI_Receive_IT	24	static
stm32l4xx_hal_qspi.c:1285:19:HAL_QSPI_Transmit_DMA	24	static
stm32l4xx_hal_qspi.c:1429:19:HAL_QSPI_Receive_DMA	32	static
stm32l4xx_hal_qspi.c:1575:19:HAL_QSPI_AutoPolling	40	static
stm32l4xx_hal_qspi.c:1675:19:HAL_QSPI_AutoPolling_IT	40	static
stm32l4xx_hal_qspi.c:1779:19:HAL_QSPI_MemoryMapped	40	static
stm32l4xx_hal_qspi.c:1865:13:HAL_QSPI_ErrorCallback	16	static
stm32l4xx_hal_qspi.c:1880:13:HAL_QSPI_AbortCpltCallback	16	static
stm32l4xx_hal_qspi.c:1895:13:HAL_QSPI_CmdCpltCallback	16	static
stm32l4xx_hal_qspi.c:1910:13:HAL_QSPI_RxCpltCallback	16	static
stm32l4xx_hal_qspi.c:1925:13:HAL_QSPI_TxCpltCallback	16	static
stm32l4xx_hal_qspi.c:1940:13:HAL_QSPI_RxHalfCpltCallback	16	static
stm32l4xx_hal_qspi.c:1955:13:HAL_QSPI_TxHalfCpltCallback	16	static
stm32l4xx_hal_qspi.c:1970:13:HAL_QSPI_FifoThresholdCallback	16	static
stm32l4xx_hal_qspi.c:1985:13:HAL_QSPI_StatusMatchCallback	16	static
stm32l4xx_hal_qspi.c:2000:13:HAL_QSPI_TimeOutCallback	16	static
stm32l4xx_hal_qspi.c:2258:23:HAL_QSPI_GetState	16	static
stm32l4xx_hal_qspi.c:2269:10:HAL_QSPI_GetError	16	static
stm32l4xx_hal_qspi.c:2279:19:HAL_QSPI_Abort	32	static
stm32l4xx_hal_qspi.c:2335:19:HAL_QSPI_Abort_IT	24	static
stm32l4xx_hal_qspi.c:2391:6:HAL_QSPI_SetTimeout	16	static
stm32l4xx_hal_qspi.c:2401:19:HAL_QSPI_SetFifoThreshold	24	static
stm32l4xx_hal_qspi.c:2433:10:HAL_QSPI_GetFifoThreshold	16	static
stm32l4xx_hal_qspi.c:2446:19:HAL_QSPI_SetFlashID	24	static
stm32l4xx_hal_qspi.c:2494:13:QSPI_DMARxCplt	24	static
stm32l4xx_hal_qspi.c:2508:13:QSPI_DMATxCplt	24	static
stm32l4xx_hal_qspi.c:2522:13:QSPI_DMARxHalfCplt	24	static
stm32l4xx_hal_qspi.c:2538:13:QSPI_DMATxHalfCplt	24	static
stm32l4xx_hal_qspi.c:2554:13:QSPI_DMAError	24	static
stm32l4xx_hal_qspi.c:2575:13:QSPI_DMAAbortCplt	24	static
stm32l4xx_hal_qspi.c:2618:26:QSPI_WaitFlagStateUntilTimeout	24	static
stm32l4xx_hal_qspi.c:2651:13:QSPI_Config	24	static
