Types.hpp:91:5:touchgfx::colortype::colortype(uint32_t)	16	static
Drawable.hpp:62:13:touchgfx::Drawable::~Drawable()	16	static
Drawable.hpp:62:13:virtual touchgfx::Drawable::~Drawable()	16	static
Drawable.hpp:132:23:virtual touchgfx::Drawable* touchgfx::Drawable::getFirstChild()	16	static
Drawable.hpp:269:18:virtual void touchgfx::Drawable::setX(int16_t)	16	static
Drawable.hpp:281:18:virtual void touchgfx::Drawable::setY(int16_t)	16	static
Drawable.hpp:310:18:virtual void touchgfx::Drawable::setWidth(int16_t)	16	static
Drawable.hpp:322:18:virtual void touchgfx::Drawable::setHeight(int16_t)	16	static
Drawable.hpp:332:18:virtual void touchgfx::Drawable::childGeometryChanged()	16	static
Drawable.hpp:343:18:virtual void touchgfx::Drawable::handleClickEvent(const touchgfx::ClickEvent&)	16	static
Drawable.hpp:354:18:virtual void touchgfx::Drawable::handleGestureEvent(const touchgfx::GestureEvent&)	16	static
Drawable.hpp:442:18:virtual void touchgfx::Drawable::handleDragEvent(const touchgfx::DragEvent&)	16	static
Drawable.hpp:452:18:virtual void touchgfx::Drawable::handleTickEvent()	16	static
Drawable.hpp:488:10:bool touchgfx::Drawable::isVisible() const	16	static
Drawable.hpp:500:10:bool touchgfx::Drawable::isTouchable() const	16	static
Drawable.hpp:539:18:virtual void touchgfx::Drawable::moveTo(int16_t, int16_t)	16	static
Drawable.hpp:576:10:void touchgfx::Drawable::resetDrawChainCache()	16	static
Drawable.hpp:654:18:virtual void touchgfx::Drawable::setupDrawChain(const touchgfx::Rect&, touchgfx::Drawable**)	24	static
Screen.hpp:45:13:touchgfx::Screen::~Screen()	16	static
Screen.hpp:45:13:virtual touchgfx::Screen::~Screen()	16	static
Screen.hpp:92:18:virtual void touchgfx::Screen::setupScreen()	16	static
Screen.hpp:103:18:virtual void touchgfx::Screen::afterTransition()	16	static
Screen.hpp:114:18:virtual void touchgfx::Screen::tearDownScreen()	16	static
Screen.hpp:143:18:virtual void touchgfx::Screen::handleTickEvent()	16	static
Screen.hpp:153:18:virtual void touchgfx::Screen::handleKeyEvent(uint8_t)	16	static
Widget.hpp:47:18:virtual void touchgfx::Widget::getLastChild(int16_t, int16_t, touchgfx::Drawable**)	24	static
Widget.hpp:36:7:touchgfx::Widget::~Widget()	16	static
Widget.hpp:36:7:virtual touchgfx::Widget::~Widget()	16	static
AbstractPainter.hpp:51:13:touchgfx::AbstractPainter::~AbstractPainter()	16	static
AbstractPainter.hpp:51:13:virtual touchgfx::AbstractPainter::~AbstractPainter()	16	static
AbstractPainterRGB565.hpp:34:7:touchgfx::AbstractPainterRGB565::~AbstractPainterRGB565()	16	static
AbstractPainterRGB565.hpp:34:7:virtual touchgfx::AbstractPainterRGB565::~AbstractPainterRGB565()	16	static
PainterRGB565.hpp:51:10:void touchgfx::PainterRGB565::setColor(touchgfx::colortype)	16	static
TypedText.hpp:65:13:touchgfx::TypedText::~TypedText()	16	static
TypedText.hpp:65:13:virtual touchgfx::TypedText::~TypedText()	16	static
View.hpp:36:7:touchgfx::View<homeSchreenPresenter>::~View()	16	static
View.hpp:36:7:virtual touchgfx::View<homeSchreenPresenter>::~View()	16	static
homeSchreenViewBase.hpp:20:13:homeSchreenViewBase::~homeSchreenViewBase()	16	static
homeSchreenViewBase.hpp:20:13:virtual homeSchreenViewBase::~homeSchreenViewBase()	16	static
homeSchreenView.hpp:11:13:homeSchreenView::~homeSchreenView()	16	static
homeSchreenView.hpp:11:13:virtual homeSchreenView::~homeSchreenView()	16	static
homeSchreenView.cpp:11:1:homeSchreenView::homeSchreenView()	16	static
homeSchreenView.cpp:16:6:virtual void homeSchreenView::setupScreen()	16	static
homeSchreenView.cpp:21:6:virtual void homeSchreenView::tearDownScreen()	16	static
homeSchreenView.cpp:26:6:virtual void homeSchreenView::handleTickEvent()	16	static
homeSchreenView.cpp:136:6:virtual void homeSchreenView::selectNone()	32	static
homeSchreenView.cpp:144:6:virtual void homeSchreenView::selectBrightness()	32	static
homeSchreenView.cpp:151:6:virtual void homeSchreenView::selectLock()	32	static
homeSchreenView.cpp:158:6:virtual void homeSchreenView::selectVolumeControl()	32	static
homeSchreenView.cpp:165:6:virtual void homeSchreenView::selectTempControl()	32	static
homeSchreenView.cpp:172:6:virtual void homeSchreenView::selectAudioPlayer()	32	static
homeSchreenView.cpp:179:6:virtual void homeSchreenView::deSelectNone()	32	static
homeSchreenView.cpp:187:6:virtual void homeSchreenView::deSelectBrightness()	32	static
homeSchreenView.cpp:194:6:virtual void homeSchreenView::deSelectLock()	32	static
homeSchreenView.cpp:201:6:virtual void homeSchreenView::deSelectVolumeControl()	32	static
homeSchreenView.cpp:208:6:virtual void homeSchreenView::deSelectTempControl()	32	static
homeSchreenView.cpp:215:6:virtual void homeSchreenView::deSelectAudioPlayer()	32	static
Container.hpp:40:7:touchgfx::Container::~Container()	16	static
Container.hpp:40:7:virtual touchgfx::Container::~Container()	16	static
Box.hpp:29:7:touchgfx::Box::~Box()	16	static
Box.hpp:29:7:virtual touchgfx::Box::~Box()	16	static
Image.hpp:38:7:touchgfx::Image::~Image()	16	static
Image.hpp:38:7:virtual touchgfx::Image::~Image()	16	static
CanvasWidget.hpp:33:7:touchgfx::CanvasWidget::~CanvasWidget()	16	static
CanvasWidget.hpp:33:7:virtual touchgfx::CanvasWidget::~CanvasWidget()	16	static
Circle.hpp:48:7:touchgfx::Circle::~Circle()	16	static
Circle.hpp:48:7:virtual touchgfx::Circle::~Circle()	16	static
PainterRGB565.hpp:32:7:touchgfx::PainterRGB565::~PainterRGB565()	16	static
PainterRGB565.hpp:32:7:virtual touchgfx::PainterRGB565::~PainterRGB565()	16	static
TextArea.hpp:39:7:touchgfx::TextArea::~TextArea()	16	static
TextArea.hpp:39:7:virtual touchgfx::TextArea::~TextArea()	16	static
