Presenter.hpp:37:18:virtual void touchgfx::Presenter::activate()	16	static
Presenter.hpp:47:18:virtual void touchgfx::Presenter::deactivate()	16	static
Presenter.hpp:52:13:touchgfx::Presenter::~Presenter()	16	static
Presenter.hpp:52:13:virtual touchgfx::Presenter::~Presenter()	16	static
Presenter.hpp:58:5:touchgfx::Presenter::Presenter()	16	static
ModelListener.hpp:9:5:ModelListener::ModelListener()	16	static
ModelListener.hpp:11:13:ModelListener::~ModelListener()	16	static
ModelListener.hpp:11:13:virtual ModelListener::~ModelListener()	16	static
homeSchreenPresenter.hpp:28:13:homeSchreenPresenter::~homeSchreenPresenter()	16	static
homeSchreenPresenter.hpp:28:13:virtual homeSchreenPresenter::~homeSchreenPresenter()	16	static
homeSchreenPresenter.cpp:4:1:homeSchreenPresenter::homeSchreenPresenter(homeSchreenView&)	16	static
homeSchreenPresenter.cpp:10:6:virtual void homeSchreenPresenter::activate()	16	static
homeSchreenPresenter.cpp:15:6:virtual void homeSchreenPresenter::deactivate()	16	static
