stm32l4xx_hal_tim_ex.c:2755:13:TIM_CCxNChannelCmd	8	static
stm32l4xx_hal_tim_ex.c:2710:13:TIM_DMAErrorCCxN	8	static
stm32l4xx_hal_tim_ex.c:2651:13:TIM_DMADelayPulseNCplt	8	static
stm32l4xx_hal_tim_ex.c:283:13:HAL_TIMEx_HallSensor_MspInit	0	static
stm32l4xx_hal_tim_ex.c:137:19:HAL_TIMEx_HallSensor_Init	48	static
stm32l4xx_hal_tim_ex.c:298:13:HAL_TIMEx_HallSensor_MspDeInit	0	static
stm32l4xx_hal_tim_ex.c:238:19:HAL_TIMEx_HallSensor_DeInit	8	static
stm32l4xx_hal_tim_ex.c:313:19:HAL_TIMEx_HallSensor_Start	16	static
stm32l4xx_hal_tim_ex.c:366:19:HAL_TIMEx_HallSensor_Stop	8	static
stm32l4xx_hal_tim_ex.c:393:19:HAL_TIMEx_HallSensor_Start_IT	16	static
stm32l4xx_hal_tim_ex.c:449:19:HAL_TIMEx_HallSensor_Stop_IT	8	static
stm32l4xx_hal_tim_ex.c:481:19:HAL_TIMEx_HallSensor_Start_DMA	24	static
stm32l4xx_hal_tim_ex.c:556:19:HAL_TIMEx_HallSensor_Stop_DMA	8	static
stm32l4xx_hal_tim_ex.c:617:19:HAL_TIMEx_OCN_Start	8	static
stm32l4xx_hal_tim_ex.c:668:19:HAL_TIMEx_OCN_Stop	16	static
stm32l4xx_hal_tim_ex.c:700:19:HAL_TIMEx_OCN_Start_IT	8	static
stm32l4xx_hal_tim_ex.c:782:19:HAL_TIMEx_OCN_Stop_IT	16	static
stm32l4xx_hal_tim_ex.c:851:19:HAL_TIMEx_OCN_Start_DMA	16	static
stm32l4xx_hal_tim_ex.c:980:19:HAL_TIMEx_OCN_Stop_DMA	16	static
stm32l4xx_hal_tim_ex.c:1075:19:HAL_TIMEx_PWMN_Start	0	static
stm32l4xx_hal_tim_ex.c:1125:19:HAL_TIMEx_PWMN_Stop	0	static
stm32l4xx_hal_tim_ex.c:1157:19:HAL_TIMEx_PWMN_Start_IT	0	static
stm32l4xx_hal_tim_ex.c:1238:19:HAL_TIMEx_PWMN_Stop_IT	0	static
stm32l4xx_hal_tim_ex.c:1308:19:HAL_TIMEx_PWMN_Start_DMA	0	static
stm32l4xx_hal_tim_ex.c:1437:19:HAL_TIMEx_PWMN_Stop_DMA	0	static
stm32l4xx_hal_tim_ex.c:1522:19:HAL_TIMEx_OnePulseN_Start	24	static
stm32l4xx_hal_tim_ex.c:1571:19:HAL_TIMEx_OnePulseN_Stop	16	static
stm32l4xx_hal_tim_ex.c:1610:19:HAL_TIMEx_OnePulseN_Start_IT	24	static
stm32l4xx_hal_tim_ex.c:1665:19:HAL_TIMEx_OnePulseN_Stop_IT	16	static
stm32l4xx_hal_tim_ex.c:1745:19:HAL_TIMEx_ConfigCommutEvent	8	static
stm32l4xx_hal_tim_ex.c:1801:19:HAL_TIMEx_ConfigCommutEvent_IT	8	static
stm32l4xx_hal_tim_ex.c:1858:19:HAL_TIMEx_ConfigCommutEvent_DMA	8	static
stm32l4xx_hal_tim_ex.c:1907:19:HAL_TIMEx_MasterConfigSynchronization	16	static
stm32l4xx_hal_tim_ex.c:1980:19:HAL_TIMEx_ConfigBreakDeadTime	8	static
stm32l4xx_hal_tim_ex.c:2044:19:HAL_TIMEx_ConfigBreakInput	20	static
stm32l4xx_hal_tim_ex.c:2396:19:HAL_TIMEx_RemapConfig	8	static
stm32l4xx_hal_tim_ex.c:2441:19:HAL_TIMEx_GroupChannel5	0	static
stm32l4xx_hal_tim_ex.c:2491:13:HAL_TIMEx_CommutCallback	0	static
stm32l4xx_hal_tim_ex.c:2612:6:TIMEx_DMACommutationCplt	8	static
stm32l4xx_hal_tim_ex.c:2505:13:HAL_TIMEx_CommutHalfCpltCallback	0	static
stm32l4xx_hal_tim_ex.c:2631:6:TIMEx_DMACommutationHalfCplt	8	static
stm32l4xx_hal_tim_ex.c:2520:13:HAL_TIMEx_BreakCallback	0	static
stm32l4xx_hal_tim_ex.c:2535:13:HAL_TIMEx_Break2Callback	0	static
stm32l4xx_hal_tim_ex.c:2568:22:HAL_TIMEx_HallSensor_GetState	0	static
stm32l4xx_hal_tim_ex.c:2583:29:HAL_TIMEx_GetChannelNState	0	static
