stm32l4xx_hal_pwr_ex.c:115:10:HAL_PWREx_GetVoltageRange	0	static
stm32l4xx_hal_pwr_ex.c:164:19:HAL_PWREx_ControlVoltageScaling	0	static
stm32l4xx_hal_pwr_ex.c:283:6:HAL_PWREx_EnableBatteryCharging	0	static
stm32l4xx_hal_pwr_ex.c:299:6:HAL_PWREx_DisableBatteryCharging	0	static
stm32l4xx_hal_pwr_ex.c:311:6:HAL_PWREx_EnableVddUSB	0	static
stm32l4xx_hal_pwr_ex.c:321:6:HAL_PWREx_DisableVddUSB	0	static
stm32l4xx_hal_pwr_ex.c:354:6:HAL_PWREx_EnableInternalWakeUpLine	0	static
stm32l4xx_hal_pwr_ex.c:364:6:HAL_PWREx_DisableInternalWakeUpLine	0	static
stm32l4xx_hal_pwr_ex.c:392:19:HAL_PWREx_EnableGPIOPullUp	0	static
stm32l4xx_hal_pwr_ex.c:475:19:HAL_PWREx_DisableGPIOPullUp	0	static
stm32l4xx_hal_pwr_ex.c:552:19:HAL_PWREx_EnableGPIOPullDown	0	static
stm32l4xx_hal_pwr_ex.c:635:19:HAL_PWREx_DisableGPIOPullDown	0	static
stm32l4xx_hal_pwr_ex.c:705:6:HAL_PWREx_EnablePullUpPullDownConfig	0	static
stm32l4xx_hal_pwr_ex.c:717:6:HAL_PWREx_DisablePullUpPullDownConfig	0	static
stm32l4xx_hal_pwr_ex.c:728:6:HAL_PWREx_EnableSRAM2ContentRetention	0	static
stm32l4xx_hal_pwr_ex.c:752:19:HAL_PWREx_SetSRAM2ContentRetention	0	static
stm32l4xx_hal_pwr_ex.c:737:6:HAL_PWREx_DisableSRAM2ContentRetention	0	static
stm32l4xx_hal_pwr_ex.c:879:6:HAL_PWREx_EnablePVM1	0	static
stm32l4xx_hal_pwr_ex.c:888:6:HAL_PWREx_DisablePVM1	0	static
stm32l4xx_hal_pwr_ex.c:920:6:HAL_PWREx_EnablePVM3	0	static
stm32l4xx_hal_pwr_ex.c:929:6:HAL_PWREx_DisablePVM3	0	static
stm32l4xx_hal_pwr_ex.c:939:6:HAL_PWREx_EnablePVM4	0	static
stm32l4xx_hal_pwr_ex.c:948:6:HAL_PWREx_DisablePVM4	0	static
stm32l4xx_hal_pwr_ex.c:968:19:HAL_PWREx_ConfigPVM	0	static
stm32l4xx_hal_pwr_ex.c:1130:6:HAL_PWREx_EnableLowPowerRunMode	0	static
stm32l4xx_hal_pwr_ex.c:1145:19:HAL_PWREx_DisableLowPowerRunMode	0	static
stm32l4xx_hal_pwr_ex.c:1189:6:HAL_PWREx_EnterSTOP0Mode	0	static,ignoring_inline_asm
stm32l4xx_hal_pwr_ex.c:1240:6:HAL_PWREx_EnterSTOP1Mode	0	static,ignoring_inline_asm
stm32l4xx_hal_pwr_ex.c:1293:6:HAL_PWREx_EnterSTOP2Mode	0	static,ignoring_inline_asm
stm32l4xx_hal_pwr_ex.c:1335:6:HAL_PWREx_EnterSHUTDOWNMode	0	static,ignoring_inline_asm
stm32l4xx_hal_pwr_ex.c:1416:13:HAL_PWREx_PVM1Callback	0	static
stm32l4xx_hal_pwr_ex.c:1441:13:HAL_PWREx_PVM3Callback	0	static
stm32l4xx_hal_pwr_ex.c:1452:13:HAL_PWREx_PVM4Callback	0	static
stm32l4xx_hal_pwr_ex.c:1360:6:HAL_PWREx_PVD_PVM_IRQHandler	8	static
