stm32l4xx_ll_usb.c:1817:19:USB_CoreInit	0	static
stm32l4xx_ll_usb.c:1837:19:USB_EnableGlobalInt	0	static
stm32l4xx_ll_usb.c:1862:19:USB_DisableGlobalInt	0	static
stm32l4xx_ll_usb.c:1886:19:USB_SetCurrentMode	0	static
stm32l4xx_ll_usb.c:1907:19:USB_DevInit	8	static
stm32l4xx_ll_usb.c:1936:19:USB_FlushTxFifo	0	static
stm32l4xx_ll_usb.c:1955:19:USB_FlushRxFifo	0	static
stm32l4xx_ll_usb.c:1975:19:USB_ActivateEndpoint	20	static
stm32l4xx_ll_usb.c:2090:19:USB_DeactivateEndpoint	8	static
stm32l4xx_ll_usb.c:2407:19:USB_EPSetStall	0	static
stm32l4xx_ll_usb.c:2427:19:USB_EPClearStall	0	static
stm32l4xx_ll_usb.c:2459:19:USB_StopDevice	0	static
stm32l4xx_ll_usb.c:2480:20:USB_SetDevAddress	0	static
stm32l4xx_ll_usb.c:2496:20:USB_DevConnect	0	static
stm32l4xx_ll_usb.c:2509:20:USB_DevDisconnect	0	static
stm32l4xx_ll_usb.c:2522:11:USB_ReadInterrupts	0	static
stm32l4xx_ll_usb.c:2535:10:USB_ReadDevAllOutEpInterrupt	0	static
stm32l4xx_ll_usb.c:2551:10:USB_ReadDevAllInEpInterrupt	0	static
stm32l4xx_ll_usb.c:2569:10:USB_ReadDevOutEPInterrupt	0	static
stm32l4xx_ll_usb.c:2588:10:USB_ReadDevInEPInterrupt	0	static
stm32l4xx_ll_usb.c:2606:7:USB_ClearInterrupts	0	static
stm32l4xx_ll_usb.c:2623:19:USB_EP0_OutStart	0	static
stm32l4xx_ll_usb.c:2640:19:USB_ActivateRemoteWakeup	0	static
stm32l4xx_ll_usb.c:2652:19:USB_DeActivateRemoteWakeup	0	static
stm32l4xx_ll_usb.c:2667:6:USB_WritePMA	0	static
stm32l4xx_ll_usb.c:2146:19:USB_EPStartXfer	24	static
stm32l4xx_ll_usb.c:2701:6:USB_ReadPMA	20	static
