stm32l4xx_hal.c:225:13:HAL_MspInit	0	static
stm32l4xx_hal.c:236:13:HAL_MspDeInit	0	static
stm32l4xx_hal.c:196:19:HAL_DeInit	8	static
stm32l4xx_hal.c:259:26:HAL_InitTick	16	static
stm32l4xx_hal.c:152:19:HAL_Init	8	static
stm32l4xx_hal.c:327:13:HAL_IncTick	0	static
stm32l4xx_hal.c:338:17:HAL_GetTick	0	static
stm32l4xx_hal.c:347:10:HAL_GetTickPrio	0	static
stm32l4xx_hal.c:357:19:HAL_SetTickFreq	16	static
stm32l4xx_hal.c:386:21:HAL_GetTickFreq	0	static
stm32l4xx_hal.c:402:13:HAL_Delay	16	static
stm32l4xx_hal.c:428:13:HAL_SuspendTick	0	static
stm32l4xx_hal.c:444:13:HAL_ResumeTick	0	static
stm32l4xx_hal.c:454:10:HAL_GetHalVersion	0	static
stm32l4xx_hal.c:463:10:HAL_GetREVID	0	static
stm32l4xx_hal.c:472:10:HAL_GetDEVID	0	static
stm32l4xx_hal.c:481:10:HAL_GetUIDw0	0	static
stm32l4xx_hal.c:490:10:HAL_GetUIDw1	0	static
stm32l4xx_hal.c:499:10:HAL_GetUIDw2	0	static
stm32l4xx_hal.c:528:6:HAL_DBGMCU_EnableDBGSleepMode	0	static
stm32l4xx_hal.c:537:6:HAL_DBGMCU_DisableDBGSleepMode	0	static
stm32l4xx_hal.c:546:6:HAL_DBGMCU_EnableDBGStopMode	0	static
stm32l4xx_hal.c:555:6:HAL_DBGMCU_DisableDBGStopMode	0	static
stm32l4xx_hal.c:564:6:HAL_DBGMCU_EnableDBGStandbyMode	0	static
stm32l4xx_hal.c:573:6:HAL_DBGMCU_DisableDBGStandbyMode	0	static
stm32l4xx_hal.c:606:6:HAL_SYSCFG_SRAM2Erase	0	static
stm32l4xx_hal.c:625:6:HAL_SYSCFG_EnableMemorySwappingBank	0	static
stm32l4xx_hal.c:640:6:HAL_SYSCFG_DisableMemorySwappingBank	0	static
stm32l4xx_hal.c:657:6:HAL_SYSCFG_VREFBUF_VoltageScalingConfig	0	static
stm32l4xx_hal.c:673:6:HAL_SYSCFG_VREFBUF_HighImpedanceConfig	0	static
stm32l4xx_hal.c:685:6:HAL_SYSCFG_VREFBUF_TrimmingConfig	0	static
stm32l4xx_hal.c:697:19:HAL_SYSCFG_EnableVREFBUF	16	static
stm32l4xx_hal.c:723:6:HAL_SYSCFG_DisableVREFBUF	0	static
stm32l4xx_hal.c:734:6:HAL_SYSCFG_EnableIOAnalogSwitchBooster	0	static
stm32l4xx_hal.c:744:6:HAL_SYSCFG_DisableIOAnalogSwitchBooster	0	static
