stm32l4xx_hal_rcc_ex.c:2905:26:RCCEx_PLLSAI1_Config	24	static
stm32l4xx_hal_rcc_ex.c:196:19:HAL_RCCEx_PeriphCLKConfig	40	static
stm32l4xx_hal_rcc_ex.c:826:6:HAL_RCCEx_GetPeriphCLKConfig	0	static
stm32l4xx_hal_rcc_ex.c:1152:10:HAL_RCCEx_GetPeriphCLKFreq	4	static
stm32l4xx_hal_rcc_ex.c:2056:19:HAL_RCCEx_EnablePLLSAI1	16	static
stm32l4xx_hal_rcc_ex.c:2124:19:HAL_RCCEx_DisablePLLSAI1	16	static
stm32l4xx_hal_rcc_ex.c:2301:6:HAL_RCCEx_WakeUpStopCLKConfig	0	static
stm32l4xx_hal_rcc_ex.c:2319:6:HAL_RCCEx_StandbyMSIRangeConfig	0	static
stm32l4xx_hal_rcc_ex.c:2333:6:HAL_RCCEx_EnableLSECSS	0	static
stm32l4xx_hal_rcc_ex.c:2343:6:HAL_RCCEx_DisableLSECSS	0	static
stm32l4xx_hal_rcc_ex.c:2356:6:HAL_RCCEx_EnableLSECSS_IT	0	static
stm32l4xx_hal_rcc_ex.c:2390:13:HAL_RCCEx_LSECSS_Callback	0	static
stm32l4xx_hal_rcc_ex.c:2373:6:HAL_RCCEx_LSECSS_IRQHandler	8	static
stm32l4xx_hal_rcc_ex.c:2405:6:HAL_RCCEx_EnableLSCO	48	static
stm32l4xx_hal_rcc_ex.c:2452:6:HAL_RCCEx_DisableLSCO	24	static
stm32l4xx_hal_rcc_ex.c:2490:6:HAL_RCCEx_EnableMSIPLLMode	0	static
stm32l4xx_hal_rcc_ex.c:2500:6:HAL_RCCEx_DisableMSIPLLMode	0	static
stm32l4xx_hal_rcc_ex.c:2597:6:HAL_RCCEx_CRSConfig	0	static
stm32l4xx_hal_rcc_ex.c:2640:6:HAL_RCCEx_CRSSoftwareSynchronizationGenerate	0	static
stm32l4xx_hal_rcc_ex.c:2650:6:HAL_RCCEx_CRSGetSynchronizationInfo	0	static
stm32l4xx_hal_rcc_ex.c:2683:10:HAL_RCCEx_CRSWaitSynchronization	24	static
stm32l4xx_hal_rcc_ex.c:2831:13:HAL_RCCEx_CRS_SyncOkCallback	0	static
stm32l4xx_hal_rcc_ex.c:2842:13:HAL_RCCEx_CRS_SyncWarnCallback	0	static
stm32l4xx_hal_rcc_ex.c:2853:13:HAL_RCCEx_CRS_ExpectedSyncCallback	0	static
stm32l4xx_hal_rcc_ex.c:2869:13:HAL_RCCEx_CRS_ErrorCallback	0	static
stm32l4xx_hal_rcc_ex.c:2766:6:HAL_RCCEx_CRS_IRQHandler	8	static
