stm32l4xx_hal_pcd.c:294:13:HAL_PCD_MspInit	0	static
stm32l4xx_hal_pcd.c:128:19:HAL_PCD_Init	48	static
stm32l4xx_hal_pcd.c:309:13:HAL_PCD_MspDeInit	0	static
stm32l4xx_hal_pcd.c:255:19:HAL_PCD_DeInit	16	static
stm32l4xx_hal_pcd.c:1010:19:HAL_PCD_Start	8	static
stm32l4xx_hal_pcd.c:1036:19:HAL_PCD_Stop	8	static
stm32l4xx_hal_pcd.c:1566:13:HAL_PCD_DataOutStageCallback	0	static
stm32l4xx_hal_pcd.c:1583:13:HAL_PCD_DataInStageCallback	0	static
stm32l4xx_hal_pcd.c:1598:13:HAL_PCD_SetupStageCallback	0	static
stm32l4xx_hal_pcd.c:1613:13:HAL_PCD_SOFCallback	0	static
stm32l4xx_hal_pcd.c:1628:13:HAL_PCD_ResetCallback	0	static
stm32l4xx_hal_pcd.c:1643:13:HAL_PCD_SuspendCallback	0	static
stm32l4xx_hal_pcd.c:1658:13:HAL_PCD_ResumeCallback	0	static
stm32l4xx_hal_pcd.c:1674:13:HAL_PCD_ISOOUTIncompleteCallback	0	static
stm32l4xx_hal_pcd.c:1691:13:HAL_PCD_ISOINIncompleteCallback	0	static
stm32l4xx_hal_pcd.c:1707:13:HAL_PCD_ConnectCallback	0	static
stm32l4xx_hal_pcd.c:1722:13:HAL_PCD_DisconnectCallback	0	static
stm32l4xx_hal_pcd.c:1756:19:HAL_PCD_DevConnect	8	static
stm32l4xx_hal_pcd.c:1783:19:HAL_PCD_DevDisconnect	8	static
stm32l4xx_hal_pcd.c:1811:19:HAL_PCD_SetAddress	8	static
stm32l4xx_hal_pcd.c:1440:6:HAL_PCD_IRQHandler	40	static
stm32l4xx_hal_pcd.c:1828:19:HAL_PCD_EP_Open	16	static
stm32l4xx_hal_pcd.c:1873:19:HAL_PCD_EP_Close	8	static
stm32l4xx_hal_pcd.c:1904:19:HAL_PCD_EP_Receive	16	static
stm32l4xx_hal_pcd.c:1935:10:HAL_PCD_EP_GetRxCount	0	static
stm32l4xx_hal_pcd.c:1947:19:HAL_PCD_EP_Transmit	16	static
stm32l4xx_hal_pcd.c:1982:19:HAL_PCD_EP_SetStall	16	static
stm32l4xx_hal_pcd.c:2025:19:HAL_PCD_EP_ClrStall	16	static
stm32l4xx_hal_pcd.c:2061:19:HAL_PCD_EP_Flush	8	static
stm32l4xx_hal_pcd.c:2084:19:HAL_PCD_ActivateRemoteWakeup	0	static
stm32l4xx_hal_pcd.c:2094:19:HAL_PCD_DeActivateRemoteWakeup	0	static
stm32l4xx_hal_pcd.c:2123:18:HAL_PCD_GetState	0	static
