stm32l4xx_hal_lptim.c:2523:26:LPTIM_WaitForFlag	8	static
stm32l4xx_hal_lptim.c:457:13:HAL_LPTIM_MspInit	0	static
stm32l4xx_hal_lptim.c:241:19:HAL_LPTIM_Init	24	static
stm32l4xx_hal_lptim.c:472:13:HAL_LPTIM_MspDeInit	0	static
stm32l4xx_hal_lptim.c:521:19:HAL_LPTIM_PWM_Start	16	static
stm32l4xx_hal_lptim.c:760:19:HAL_LPTIM_OnePulse_Start	16	static
stm32l4xx_hal_lptim.c:999:19:HAL_LPTIM_SetOnce_Start	16	static
stm32l4xx_hal_lptim.c:1220:19:HAL_LPTIM_Encoder_Start	16	static
stm32l4xx_hal_lptim.c:1432:19:HAL_LPTIM_TimeOut_Start	16	static
stm32l4xx_hal_lptim.c:1635:19:HAL_LPTIM_Counter_Start	8	static
stm32l4xx_hal_lptim.c:1854:10:HAL_LPTIM_ReadCounter	0	static
stm32l4xx_hal_lptim.c:1867:10:HAL_LPTIM_ReadAutoReload	0	static
stm32l4xx_hal_lptim.c:1880:10:HAL_LPTIM_ReadCompare	0	static
stm32l4xx_hal_lptim.c:2083:13:HAL_LPTIM_CompareMatchCallback	0	static
stm32l4xx_hal_lptim.c:2098:13:HAL_LPTIM_AutoReloadMatchCallback	0	static
stm32l4xx_hal_lptim.c:2113:13:HAL_LPTIM_TriggerCallback	0	static
stm32l4xx_hal_lptim.c:2128:13:HAL_LPTIM_CompareWriteCallback	0	static
stm32l4xx_hal_lptim.c:2143:13:HAL_LPTIM_AutoReloadWriteCallback	0	static
stm32l4xx_hal_lptim.c:2158:13:HAL_LPTIM_DirectionUpCallback	0	static
stm32l4xx_hal_lptim.c:2173:13:HAL_LPTIM_DirectionDownCallback	0	static
stm32l4xx_hal_lptim.c:1919:6:HAL_LPTIM_IRQHandler	8	static
stm32l4xx_hal_lptim.c:2472:24:HAL_LPTIM_GetState	0	static
stm32l4xx_hal_lptim.c:2548:6:LPTIM_Disable	32	static,ignoring_inline_asm
stm32l4xx_hal_lptim.c:410:19:HAL_LPTIM_DeInit	8	static
stm32l4xx_hal_lptim.c:576:19:HAL_LPTIM_PWM_Stop	8	static
stm32l4xx_hal_lptim.c:815:19:HAL_LPTIM_OnePulse_Stop	0	static
stm32l4xx_hal_lptim.c:1054:19:HAL_LPTIM_SetOnce_Stop	0	static
stm32l4xx_hal_lptim.c:1684:19:HAL_LPTIM_Counter_Stop	0	static
stm32l4xx_hal_lptim.c:608:19:HAL_LPTIM_PWM_Start_IT	16	static
stm32l4xx_hal_lptim.c:701:19:HAL_LPTIM_PWM_Stop_IT	8	static
stm32l4xx_hal_lptim.c:940:19:HAL_LPTIM_OnePulse_Stop_IT	0	static
stm32l4xx_hal_lptim.c:1171:19:HAL_LPTIM_SetOnce_Stop_IT	0	static
stm32l4xx_hal_lptim.c:847:19:HAL_LPTIM_OnePulse_Start_IT	16	static
stm32l4xx_hal_lptim.c:1086:19:HAL_LPTIM_SetOnce_Start_IT	16	static
stm32l4xx_hal_lptim.c:1279:19:HAL_LPTIM_Encoder_Stop	8	static
stm32l4xx_hal_lptim.c:1312:19:HAL_LPTIM_Encoder_Start_IT	16	static
stm32l4xx_hal_lptim.c:1389:19:HAL_LPTIM_Encoder_Stop_IT	8	static
stm32l4xx_hal_lptim.c:1487:19:HAL_LPTIM_TimeOut_Stop	8	static
stm32l4xx_hal_lptim.c:1524:19:HAL_LPTIM_TimeOut_Start_IT	16	static
stm32l4xx_hal_lptim.c:1596:19:HAL_LPTIM_TimeOut_Stop_IT	8	static
stm32l4xx_hal_lptim.c:1714:19:HAL_LPTIM_Counter_Start_IT	8	static
stm32l4xx_hal_lptim.c:1791:19:HAL_LPTIM_Counter_Stop_IT	8	static
