stm32l4xx_hal_spi.c:3895:26:SPI_WaitFlagStateUntilTimeout.constprop	32	static
stm32l4xx_hal_spi.c:3964:26:SPI_WaitFifoStateUntilTimeout.constprop	32	static
stm32l4xx_hal_spi.c:4291:13:SPI_AbortRx_ISR	16	static
stm32l4xx_hal_spi.c:4040:26:SPI_EndRxTransaction	24	static
stm32l4xx_hal_spi.c:4076:26:SPI_EndRxTxTransaction	24	static
stm32l4xx_hal_spi.c:4335:13:SPI_AbortTx_ISR	16	static
stm32l4xx_hal_spi.c:535:13:HAL_SPI_MspInit	0	static
stm32l4xx_hal_spi.c:316:19:HAL_SPI_Init	16	static
stm32l4xx_hal_spi.c:551:13:HAL_SPI_MspDeInit	0	static
stm32l4xx_hal_spi.c:491:19:HAL_SPI_DeInit	8	static
stm32l4xx_hal_spi.c:823:19:HAL_SPI_Transmit	40	static
stm32l4xx_hal_spi.c:1244:19:HAL_SPI_TransmitReceive	32	static
stm32l4xx_hal_spi.c:1008:19:HAL_SPI_Receive	32	static
stm32l4xx_hal_spi.c:1551:19:HAL_SPI_Transmit_IT	0	static
stm32l4xx_hal_spi.c:1743:19:HAL_SPI_TransmitReceive_IT	12	static
stm32l4xx_hal_spi.c:1636:19:HAL_SPI_Receive_IT	12	static
stm32l4xx_hal_spi.c:1852:19:HAL_SPI_Transmit_DMA	16	static
stm32l4xx_hal_spi.c:2122:19:HAL_SPI_TransmitReceive_DMA	16	static
stm32l4xx_hal_spi.c:1977:19:HAL_SPI_Receive_DMA	24	static
stm32l4xx_hal_spi.c:2314:19:HAL_SPI_Abort	24	static
stm32l4xx_hal_spi.c:2635:19:HAL_SPI_DMAPause	0	static
stm32l4xx_hal_spi.c:2655:19:HAL_SPI_DMAResume	0	static
stm32l4xx_hal_spi.c:2675:19:HAL_SPI_DMAStop	16	static
stm32l4xx_hal_spi.c:2822:13:HAL_SPI_TxCpltCallback	0	static
stm32l4xx_hal_spi.c:2838:13:HAL_SPI_RxCpltCallback	0	static
stm32l4xx_hal_spi.c:2854:13:HAL_SPI_TxRxCpltCallback	0	static
stm32l4xx_hal_spi.c:2870:13:HAL_SPI_TxHalfCpltCallback	0	static
stm32l4xx_hal_spi.c:3274:13:SPI_DMAHalfTransmitCplt	8	static
stm32l4xx_hal_spi.c:2886:13:HAL_SPI_RxHalfCpltCallback	0	static
stm32l4xx_hal_spi.c:3292:13:SPI_DMAHalfReceiveCplt	8	static
stm32l4xx_hal_spi.c:2902:13:HAL_SPI_TxRxHalfCpltCallback	0	static
stm32l4xx_hal_spi.c:3310:13:SPI_DMAHalfTransmitReceiveCplt	8	static
stm32l4xx_hal_spi.c:2918:13:HAL_SPI_ErrorCallback	0	static
stm32l4xx_hal_spi.c:4242:13:SPI_CloseTx_ISR	16	static
stm32l4xx_hal_spi.c:3840:13:SPI_TxISR_8BIT	0	static
stm32l4xx_hal_spi.c:3865:13:SPI_TxISR_16BIT	4	static
stm32l4xx_hal_spi.c:4185:13:SPI_CloseRx_ISR	8	static
stm32l4xx_hal_spi.c:3751:13:SPI_RxISR_8BIT	0	static
stm32l4xx_hal_spi.c:3807:13:SPI_RxISR_16BIT	0	static
stm32l4xx_hal_spi.c:4108:13:SPI_CloseRxTx_ISR	8	static
stm32l4xx_hal_spi.c:3586:13:SPI_2linesTxISR_8BIT	0	static
stm32l4xx_hal_spi.c:3504:13:SPI_2linesRxISR_8BIT	0	static
stm32l4xx_hal_spi.c:3689:13:SPI_2linesTxISR_16BIT	4	static
stm32l4xx_hal_spi.c:3633:13:SPI_2linesRxISR_16BIT	4	static
stm32l4xx_hal_spi.c:3328:13:SPI_DMAError	8	static
stm32l4xx_hal_spi.c:3008:13:SPI_DMATransmitCplt	24	static
stm32l4xx_hal_spi.c:3065:13:SPI_DMAReceiveCplt	16	static
stm32l4xx_hal_spi.c:3178:13:SPI_DMATransmitReceiveCplt	16	static
stm32l4xx_hal_spi.c:2715:6:HAL_SPI_IRQHandler	40	static
stm32l4xx_hal_spi.c:3351:13:SPI_DMAAbortOnError	8	static
stm32l4xx_hal_spi.c:2936:13:HAL_SPI_AbortCpltCallback	0	static
stm32l4xx_hal_spi.c:2474:19:HAL_SPI_Abort_IT	32	static
stm32l4xx_hal_spi.c:3439:13:SPI_DMARxAbortCallback	16	static
stm32l4xx_hal_spi.c:3373:13:SPI_DMATxAbortCallback	16	static
stm32l4xx_hal_spi.c:2971:22:HAL_SPI_GetState	0	static
stm32l4xx_hal_spi.c:2983:10:HAL_SPI_GetError	0	static
