stm32l4xx_hal_qspi.c:2494:13:QSPI_DMARxCplt	0	static
stm32l4xx_hal_qspi.c:2508:13:QSPI_DMATxCplt	0	static
stm32l4xx_hal_qspi.c:2651:13:QSPI_Config	32	static
stm32l4xx_hal_qspi.c:2618:26:QSPI_WaitFlagStateUntilTimeout	24	static
stm32l4xx_hal_qspi.c:441:13:HAL_QSPI_MspInit	0	static
stm32l4xx_hal_qspi.c:291:19:HAL_QSPI_Init	32	static
stm32l4xx_hal_qspi.c:456:13:HAL_QSPI_MspDeInit	0	static
stm32l4xx_hal_qspi.c:400:19:HAL_QSPI_DeInit	8	static
stm32l4xx_hal_qspi.c:792:19:HAL_QSPI_Command	48	static
stm32l4xx_hal_qspi.c:881:19:HAL_QSPI_Command_IT	32	static
stm32l4xx_hal_qspi.c:981:19:HAL_QSPI_Transmit	40	static
stm32l4xx_hal_qspi.c:1068:19:HAL_QSPI_Receive	40	static
stm32l4xx_hal_qspi.c:1157:19:HAL_QSPI_Transmit_IT	8	static
stm32l4xx_hal_qspi.c:1217:19:HAL_QSPI_Receive_IT	12	static
stm32l4xx_hal_qspi.c:1285:19:HAL_QSPI_Transmit_DMA	24	static
stm32l4xx_hal_qspi.c:1429:19:HAL_QSPI_Receive_DMA	24	static
stm32l4xx_hal_qspi.c:1575:19:HAL_QSPI_AutoPolling	40	static
stm32l4xx_hal_qspi.c:1675:19:HAL_QSPI_AutoPolling_IT	32	static
stm32l4xx_hal_qspi.c:1779:19:HAL_QSPI_MemoryMapped	32	static
stm32l4xx_hal_qspi.c:1865:13:HAL_QSPI_ErrorCallback	0	static
stm32l4xx_hal_qspi.c:2575:13:QSPI_DMAAbortCplt	8	static
stm32l4xx_hal_qspi.c:1880:13:HAL_QSPI_AbortCpltCallback	0	static
stm32l4xx_hal_qspi.c:1895:13:HAL_QSPI_CmdCpltCallback	0	static
stm32l4xx_hal_qspi.c:1910:13:HAL_QSPI_RxCpltCallback	0	static
stm32l4xx_hal_qspi.c:1925:13:HAL_QSPI_TxCpltCallback	0	static
stm32l4xx_hal_qspi.c:1940:13:HAL_QSPI_RxHalfCpltCallback	0	static
stm32l4xx_hal_qspi.c:2522:13:QSPI_DMARxHalfCplt	8	static
stm32l4xx_hal_qspi.c:1955:13:HAL_QSPI_TxHalfCpltCallback	0	static
stm32l4xx_hal_qspi.c:2538:13:QSPI_DMATxHalfCplt	8	static
stm32l4xx_hal_qspi.c:1970:13:HAL_QSPI_FifoThresholdCallback	0	static
stm32l4xx_hal_qspi.c:1985:13:HAL_QSPI_StatusMatchCallback	0	static
stm32l4xx_hal_qspi.c:2000:13:HAL_QSPI_TimeOutCallback	0	static
stm32l4xx_hal_qspi.c:495:6:HAL_QSPI_IRQHandler	16	static
stm32l4xx_hal_qspi.c:2258:23:HAL_QSPI_GetState	0	static
stm32l4xx_hal_qspi.c:2269:10:HAL_QSPI_GetError	0	static
stm32l4xx_hal_qspi.c:2279:19:HAL_QSPI_Abort	24	static
stm32l4xx_hal_qspi.c:2335:19:HAL_QSPI_Abort_IT	8	static
stm32l4xx_hal_qspi.c:2554:13:QSPI_DMAError	0	static
stm32l4xx_hal_qspi.c:2391:6:HAL_QSPI_SetTimeout	0	static
stm32l4xx_hal_qspi.c:2401:19:HAL_QSPI_SetFifoThreshold	0	static
stm32l4xx_hal_qspi.c:2433:10:HAL_QSPI_GetFifoThreshold	0	static
stm32l4xx_hal_qspi.c:2446:19:HAL_QSPI_SetFlashID	0	static
