Types.hpp:127:5:touchgfx::Rect::Rect()	16	static
FrameBufferAllocator.hpp:110:13:touchgfx::FrameBufferAllocator::~FrameBufferAllocator()	16	static
FrameBufferAllocator.hpp:110:13:virtual touchgfx::FrameBufferAllocator::~FrameBufferAllocator()	16	static
HAL.hpp:103:13:touchgfx::HAL::~HAL()	16	static
HAL.hpp:103:13:virtual touchgfx::HAL::~HAL()	16	static
HAL.hpp:112:17:static touchgfx::HAL* touchgfx::HAL::getInstance()	4	static
HAL.hpp:126:18:virtual void touchgfx::HAL::setDisplayOrientation(touchgfx::DisplayOrientation)	16	static
HAL.hpp:285:28:virtual touchgfx::BlitOperations touchgfx::HAL::getBlitCaps()	16	static
HAL.hpp:569:10:void touchgfx::HAL::vSync()	16	static
HAL.hpp:579:18:virtual void touchgfx::HAL::backPorchExited()	16	static
HAL.hpp:611:18:virtual bool touchgfx::HAL::sampleKey(uint8_t&)	16	static
HAL.hpp:658:18:virtual void touchgfx::HAL::setFrameBufferStartAddresses(void*, void*, void*)	24	static
HAL.hpp:780:10:void touchgfx::HAL::setFrameBufferAllocator(touchgfx::FrameBufferAllocator*)	16	static
HAL.hpp:790:27:touchgfx::FrameBufferAllocator* touchgfx::HAL::getFrameBufferAllocator()	16	static
HAL.hpp:801:30:virtual touchgfx::FlashDataReader* touchgfx::HAL::getFlashDataReader() const	16	static
HAL.hpp:883:10:bool touchgfx::HAL::setFrameRefreshStrategy(touchgfx::HAL::FrameRefreshStrategy)	16	static
HAL.hpp:950:18:virtual void touchgfx::HAL::taskDelay(uint16_t)	16	static
HAL.hpp:977:22:virtual uint16_t touchgfx::HAL::getTFTCurrentLine()	16	static
HAL.hpp:988:21:virtual touchgfx::DMAType touchgfx::HAL::getDMAType()	16	static
HAL.hpp:1098:18:virtual void touchgfx::HAL::performDisplayOrientationChange()	16	static
HAL.hpp:1127:18:virtual void touchgfx::HAL::InvalidateCache()	16	static
HAL.hpp:1137:18:virtual void touchgfx::HAL::FlushCache()	16	static
TouchGFXGeneratedHAL.hpp:104:18:virtual void TouchGFXGeneratedHAL::flushFrameBuffer()	16	static
TouchGFXGeneratedHAL.cpp:49:6:virtual void TouchGFXGeneratedHAL::initialize()	24	static
TouchGFXGeneratedHAL.cpp:60:6:virtual void TouchGFXGeneratedHAL::configureInterrupts()	16	static
TouchGFXGeneratedHAL.cpp:64:6:virtual void TouchGFXGeneratedHAL::enableInterrupts()	16	static
TouchGFXGeneratedHAL.cpp:68:6:virtual void TouchGFXGeneratedHAL::disableInterrupts()	16	static
TouchGFXGeneratedHAL.cpp:72:6:virtual void TouchGFXGeneratedHAL::enableLCDControllerInterrupt()	16	static
TouchGFXGeneratedHAL.cpp:76:6:virtual bool TouchGFXGeneratedHAL::beginFrame()	16	static
TouchGFXGeneratedHAL.cpp:81:6:virtual void TouchGFXGeneratedHAL::endFrame()	16	static
TouchGFXGeneratedHAL.cpp:99:11:virtual uint16_t* TouchGFXGeneratedHAL::getTFTFrameBuffer() const	16	static
TouchGFXGeneratedHAL.cpp:105:6:virtual void TouchGFXGeneratedHAL::setTFTFrameBuffer(uint16_t*)	16	static
TouchGFXGeneratedHAL.cpp:110:6:virtual void TouchGFXGeneratedHAL::flushFrameBuffer(const touchgfx::Rect&)	40	static
TouchGFXGeneratedHAL.cpp:127:6:virtual bool TouchGFXGeneratedHAL::blockCopy(void*, const void*, uint32_t)	24	static
TouchGFXGeneratedHAL.cpp:143:13:void touchgfx::FrameBufferAllocatorWaitOnTransfer()	4	static
TouchGFXGeneratedHAL.cpp:155:13:void touchgfx::FrameBufferAllocatorSignalBlockDrawn()	4	static
TouchGFXGeneratedHAL.cpp:163:6:void touchgfx::startNewTransfer()	32	static
TouchGFXGeneratedHAL.cpp:180:6:void touchgfx::DisplayDriver_TransferCompleteCallback()	8	static
TouchGFXGeneratedHAL.cpp:188:6:void touchgfxSignalVSync()	8	static
FrameBufferAllocator.hpp:45:7:constexpr touchgfx::FrameBufferAllocator::FrameBufferAllocator()	16	static
FrameBufferAllocator.hpp:136:5:touchgfx::ManyBlockAllocator<block_size, blocks, bytes_pr_pixel>::ManyBlockAllocator() [with long unsigned int block_size = 2880; long unsigned int blocks = 3; long unsigned int bytes_pr_pixel = 2]	32	static
FrameBufferAllocator.hpp:133:7:touchgfx::ManyBlockAllocator<2880, 3, 2>::~ManyBlockAllocator()	16	static
FrameBufferAllocator.hpp:133:7:virtual touchgfx::ManyBlockAllocator<2880, 3, 2>::~ManyBlockAllocator()	16	static
TouchGFXGeneratedHAL.hpp:28:7:TouchGFXGeneratedHAL::~TouchGFXGeneratedHAL()	16	static
TouchGFXGeneratedHAL.hpp:28:7:virtual TouchGFXGeneratedHAL::~TouchGFXGeneratedHAL()	16	static
TouchGFXGeneratedHAL.cpp:195:1:void __static_initialization_and_destruction_0(int, int)	16	static
FrameBufferAllocator.hpp:159:22:uint16_t touchgfx::ManyBlockAllocator<block_size, blocks, bytes_pr_pixel>::allocateBlock(uint16_t, uint16_t, uint16_t, uint16_t, uint8_t**) [with long unsigned int block_size = 2880; long unsigned int blocks = 3; long unsigned int bytes_pr_pixel = 2]	32	static
FrameBufferAllocator.hpp:183:18:void touchgfx::ManyBlockAllocator<block_size, blocks, bytes_pr_pixel>::markBlockReadyForTransfer() [with long unsigned int block_size = 2880; long unsigned int blocks = 3; long unsigned int bytes_pr_pixel = 2]	16	static
FrameBufferAllocator.hpp:195:18:bool touchgfx::ManyBlockAllocator<block_size, blocks, bytes_pr_pixel>::hasBlockReadyForTransfer() [with long unsigned int block_size = 2880; long unsigned int blocks = 3; long unsigned int bytes_pr_pixel = 2]	24	static
FrameBufferAllocator.hpp:214:28:const uint8_t* touchgfx::ManyBlockAllocator<block_size, blocks, bytes_pr_pixel>::getBlockForTransfer(touchgfx::Rect&) [with long unsigned int block_size = 2880; long unsigned int blocks = 3; long unsigned int bytes_pr_pixel = 2]	16	static
FrameBufferAllocator.hpp:227:25:const touchgfx::Rect& touchgfx::ManyBlockAllocator<block_size, blocks, bytes_pr_pixel>::peekBlockForTransfer() [with long unsigned int block_size = 2880; long unsigned int blocks = 3; long unsigned int bytes_pr_pixel = 2]	24	static
FrameBufferAllocator.hpp:238:18:bool touchgfx::ManyBlockAllocator<block_size, blocks, bytes_pr_pixel>::hasEmptyBlock() [with long unsigned int block_size = 2880; long unsigned int blocks = 3; long unsigned int bytes_pr_pixel = 2]	24	static
FrameBufferAllocator.hpp:253:18:void touchgfx::ManyBlockAllocator<block_size, blocks, bytes_pr_pixel>::freeBlockAfterTransfer() [with long unsigned int block_size = 2880; long unsigned int blocks = 3; long unsigned int bytes_pr_pixel = 2]	16	static
TouchGFXGeneratedHAL.cpp:195:1:cpp)	8	static
TouchGFXGeneratedHAL.cpp:195:1:cpp)	8	static
