GC9A01.c:18:6:GC9A01_set_reset	0	static
GC9A01.c:23:6:GC9A01_set_data_command	0	static
GC9A01.c:28:6:GC9A01_set_chip_select	0	static
GC9A01.c:33:6:GC9A01_spi_tx	0	static
GC9A01.c:49:13:GC9A01_write_data	16	static
GC9A01.c:56:20:GC9A01_write_byte	16	static
GC9A01.c:38:6:GC9A01_delay	0	static
GC9A01.c:42:6:GC9A01_write_command	16	static
GC9A01.c:60:6:GC9A01_init	8	static
GC9A01.c:315:6:GC9A01_set_frame	40	static
GC9A01.c:334:6:GC9A01_write	16	static
GC9A01.c:340:6:GC9A01_write_DMA	16	static
GC9A01.c:347:6:GC9A01_write_continue	16	static
