quadspi.c:446:9:QSPI_ReadStatusReg1.part.0	8	static
quadspi.c:33:9:CSP_QSPI_EnableMemoryMappedMode	72	static
quadspi.c:446:9:QSPI_ReadStatusReg1	72	static
quadspi.c:482:9:QSPI_ReadStatusReg2	72	static
quadspi.c:518:9:QSPI_ReadConfigReg	72	static
quadspi.c:554:9:QSPI_ReadConfigReg2	72	static
quadspi.c:590:9:QSPI_ManufactureID	64	static
quadspi.c:626:9:QSPI_AutoPollingMemReady	88	static
quadspi.c:267:9:QSPI_FlashReset	64	static
quadspi.c:657:9:QSPI_AutoPollingWriteEnable	88	static
quadspi.c:319:9:QSPI_WriteEnableNV	64	static
quadspi.c:353:9:QSPI_WriteEnable	64	static
quadspi.c:68:9:CSP_QSPI_WriteMemory	80	static
quadspi.c:154:9:CSP_QSPI_EraseSector	80	static
quadspi.c:200:9:CSP_QSPI_Erase_Chip	72	static
quadspi.c:387:9:QSPI_EnableQuadMode	72	static
quadspi.c:698:6:MX_QUADSPI_Init	8	static
quadspi.c:238:9:CSP_QUADSPI_Init	8	static
quadspi.c:727:6:HAL_QSPI_MspInit	56	static
quadspi.c:769:6:HAL_QSPI_MspDeInit	8	static
