usbd_cdc.c:462:16:USBD_CDC_EP0_RxReady	8	static
usbd_cdc.c:488:10:USBD_CDC_GetDeviceQualifierDescriptor	0	static
usbd_cdc.c:436:16:USBD_CDC_DataOut	8	static
usbd_cdc.c:395:16:USBD_CDC_DataIn	24	static
usbd_cdc.c:291:16:USBD_CDC_Setup	32	static
usbd_cdc.c:256:16:USBD_CDC_DeInit	16	static
usbd_cdc.c:172:16:USBD_CDC_Init	16	static
usbd_cdc.c:501:9:USBD_CDC_RegisterInterface	0	static
usbd_cdc.c:520:9:USBD_CDC_SetTxBuffer	0	static
usbd_cdc.c:542:9:USBD_CDC_SetRxBuffer	0	static
usbd_cdc.c:562:9:USBD_CDC_TransmitPacket	8	static
usbd_cdc.c:595:9:USBD_CDC_ReceivePacket	8	static
