quadspi.c:34:9:CSP_QSPI_EnableMemoryMappedMode	72	static
quadspi.c:69:9:CSP_QSPI_WriteMemory	96	static
quadspi.c:155:9:CSP_QSPI_EraseSector	80	static
quadspi.c:201:9:CSP_QSPI_Erase_Chip	72	static
quadspi.c:239:9:CSP_QUADSPI_Init	8	static
quadspi.c:268:9:QSPI_FlashReset	64	static
quadspi.c:320:9:QSPI_WriteEnableNV	64	static
quadspi.c:354:9:QSPI_WriteEnable	64	static
quadspi.c:388:9:QSPI_EnableQuadMode	72	static
quadspi.c:447:9:QSPI_ReadStatusReg1	72	static
quadspi.c:483:9:QSPI_ReadStatusReg2	72	static
quadspi.c:519:9:QSPI_ReadConfigReg	72	static
quadspi.c:555:9:QSPI_ReadConfigReg2	72	static
quadspi.c:591:9:QSPI_ManufactureID	72	static
quadspi.c:627:9:QSPI_AutoPollingMemReady	96	static
quadspi.c:658:9:QSPI_AutoPollingWriteEnable	88	static
quadspi.c:695:9:QSPI_PowerDown	64	static
quadspi.c:723:6:MX_QUADSPI_Init	8	static
quadspi.c:752:6:HAL_QSPI_MspInit	48	static
quadspi.c:794:6:HAL_QSPI_MspDeInit	16	static
