Drawable.hpp:62:13:touchgfx::Drawable::~Drawable()	16	static
Drawable.hpp:62:13:virtual touchgfx::Drawable::~Drawable()	16	static
Drawable.hpp:132:23:virtual touchgfx::Drawable* touchgfx::Drawable::getFirstChild()	16	static
Drawable.hpp:269:18:virtual void touchgfx::Drawable::setX(int16_t)	16	static
Drawable.hpp:281:18:virtual void touchgfx::Drawable::setY(int16_t)	16	static
Drawable.hpp:310:18:virtual void touchgfx::Drawable::setWidth(int16_t)	16	static
Drawable.hpp:322:18:virtual void touchgfx::Drawable::setHeight(int16_t)	16	static
Drawable.hpp:332:18:virtual void touchgfx::Drawable::childGeometryChanged()	16	static
Drawable.hpp:343:18:virtual void touchgfx::Drawable::handleClickEvent(const touchgfx::ClickEvent&)	16	static
Drawable.hpp:354:18:virtual void touchgfx::Drawable::handleGestureEvent(const touchgfx::GestureEvent&)	16	static
Drawable.hpp:442:18:virtual void touchgfx::Drawable::handleDragEvent(const touchgfx::DragEvent&)	16	static
Drawable.hpp:452:18:virtual void touchgfx::Drawable::handleTickEvent()	16	static
Drawable.hpp:488:10:bool touchgfx::Drawable::isVisible() const	16	static
Drawable.hpp:500:10:bool touchgfx::Drawable::isTouchable() const	16	static
Drawable.hpp:539:18:virtual void touchgfx::Drawable::moveTo(int16_t, int16_t)	16	static
Drawable.hpp:576:10:void touchgfx::Drawable::resetDrawChainCache()	16	static
Drawable.hpp:654:18:virtual void touchgfx::Drawable::setupDrawChain(const touchgfx::Rect&, touchgfx::Drawable**)	24	static
Screen.hpp:45:13:touchgfx::Screen::~Screen()	16	static
Screen.hpp:45:13:virtual touchgfx::Screen::~Screen()	16	static
Screen.hpp:92:18:virtual void touchgfx::Screen::setupScreen()	16	static
Screen.hpp:103:18:virtual void touchgfx::Screen::afterTransition()	16	static
Screen.hpp:114:18:virtual void touchgfx::Screen::tearDownScreen()	16	static
Screen.hpp:143:18:virtual void touchgfx::Screen::handleTickEvent()	16	static
Screen.hpp:153:18:virtual void touchgfx::Screen::handleKeyEvent(uint8_t)	16	static
Widget.hpp:47:18:virtual void touchgfx::Widget::getLastChild(int16_t, int16_t, touchgfx::Drawable**)	24	static
Widget.hpp:36:7:touchgfx::Widget::~Widget()	16	static
Widget.hpp:36:7:virtual touchgfx::Widget::~Widget()	16	static
View.hpp:36:7:touchgfx::View<Screen1Presenter>::~View()	16	static
View.hpp:36:7:virtual touchgfx::View<Screen1Presenter>::~View()	16	static
Screen1ViewBase.hpp:16:13:Screen1ViewBase::~Screen1ViewBase()	16	static
Screen1ViewBase.hpp:16:13:virtual Screen1ViewBase::~Screen1ViewBase()	16	static
Screen1View.hpp:11:13:Screen1View::~Screen1View()	16	static
Screen1View.hpp:11:13:virtual Screen1View::~Screen1View()	16	static
Screen1View.cpp:3:1:Screen1View::Screen1View()	16	static
Screen1View.cpp:8:6:virtual void Screen1View::setupScreen()	16	static
Screen1View.cpp:13:6:virtual void Screen1View::tearDownScreen()	16	static
Container.hpp:40:7:touchgfx::Container::~Container()	16	static
Container.hpp:40:7:virtual touchgfx::Container::~Container()	16	static
Box.hpp:29:7:touchgfx::Box::~Box()	16	static
Box.hpp:29:7:virtual touchgfx::Box::~Box()	16	static
