usbd_customhid.c:422:16:USBD_CUSTOM_HID_DataIn	0	static
usbd_customhid.c:440:16:USBD_CUSTOM_HID_DataOut	8	static
usbd_customhid.c:517:17:USBD_CUSTOM_HID_GetDeviceQualifierDesc	0	static
usbd_customhid.c:259:16:USBD_CUSTOM_HID_Setup	24	static
usbd_customhid.c:227:16:USBD_CUSTOM_HID_DeInit	16	static
usbd_customhid.c:171:16:USBD_CUSTOM_HID_Init	16	static
usbd_customhid.c:492:16:USBD_CUSTOM_HID_EP0_RxReady	8	static
usbd_customhid.c:388:9:USBD_CUSTOM_HID_SendReport	16	static
usbd_customhid.c:467:9:USBD_CUSTOM_HID_ReceivePacket	8	static
usbd_customhid.c:530:9:USBD_CUSTOM_HID_RegisterInterface	0	static
