usbd_conf.c:71:6:HAL_PCD_MspInit	112	static
usbd_conf.c:107:6:HAL_PCD_MspDeInit	0	static
usbd_conf.c:134:6:HAL_PCD_SetupStageCallback	0	static
usbd_conf.c:149:6:HAL_PCD_DataOutStageCallback	0	static
usbd_conf.c:164:6:HAL_PCD_DataInStageCallback	0	static
usbd_conf.c:178:6:HAL_PCD_SOFCallback	0	static
usbd_conf.c:192:6:HAL_PCD_ResetCallback	8	static
usbd_conf.c:217:6:HAL_PCD_SuspendCallback	8	static
usbd_conf.c:241:6:HAL_PCD_ResumeCallback	8	static
usbd_conf.c:265:6:HAL_PCD_ISOOUTIncompleteCallback	0	static
usbd_conf.c:280:6:HAL_PCD_ISOINIncompleteCallback	0	static
usbd_conf.c:294:6:HAL_PCD_ConnectCallback	0	static
usbd_conf.c:308:6:HAL_PCD_DisconnectCallback	0	static
usbd_conf.c:323:20:USBD_LL_Init	8	static
usbd_conf.c:381:20:USBD_LL_DeInit	8	static
usbd_conf.c:413:20:USBD_LL_Start	8	static
usbd_conf.c:445:20:USBD_LL_Stop	8	static
usbd_conf.c:480:20:USBD_LL_OpenEP	8	static
usbd_conf.c:513:20:USBD_LL_CloseEP	8	static
usbd_conf.c:546:20:USBD_LL_FlushEP	8	static
usbd_conf.c:579:20:USBD_LL_StallEP	8	static
usbd_conf.c:612:20:USBD_LL_ClearStallEP	8	static
usbd_conf.c:645:9:USBD_LL_IsStallEP	0	static
usbd_conf.c:665:20:USBD_LL_SetUSBAddress	8	static
usbd_conf.c:700:20:USBD_LL_Transmit	8	static
usbd_conf.c:735:20:USBD_LL_PrepareReceive	8	static
usbd_conf.c:768:10:USBD_LL_GetRxDataSize	0	static
usbd_conf.c:779:6:HAL_PCDEx_LPM_Callback	8	static
usbd_conf.c:812:6:USBD_LL_Delay	0	static
usbd_conf.c:822:7:USBD_static_malloc	0	static
usbd_conf.c:833:6:USBD_static_free	0	static
